---
source: tests/solver.rs
expression: "solve_snapshot(provider, &[\"asdf\"])"
---
The following packages are incompatible
└─ asdf * can be installed with any of the following options:
   └─ asdf 1 would require
      └─ c >=2, <3, which can be installed with any of the following options:
         └─ c 2
└─ c 1 is locked, but another version is required as reported above

