---
source: tests/solver.rs
expression: "solve_for_snapshot(provider, &requirements, &[])"
---
disabled=2
icon=1
intl=2
menu=2
