---
source: tests/solver.rs
expression: "solve_for_snapshot(provider, &requirements, &[])"
---
menu=1
