---
source: tests/solver.rs
expression: "solve_for_snapshot(provider, &requirements, &constraints)"
---
The following packages are incompatible
└─ union * can be installed with any of the following options:
   └─ union 1
├─ the constraint union >=5, <6 cannot be fulfilled
