---
source: tests/solver.rs
expression: "solve_for_snapshot(provider, &requirements, &[])"
---
bar=2
foo=1
