---
source: tests/solver.rs
expression: error
---
The following packages are incompatible
├─ a * can be installed with any of the following options:
│  └─ a >=9, <=10 would require
│     └─ b *, which can be installed with any of the following options:
│        └─ b >=42, <=100 would require
│           └─ c >=0, <100, which can be installed with any of the following options:
│              └─ c 99
└─ c >=101, <104 cannot be installed because there are no viable options:
   └─ c >=101, <=103, which conflicts with the versions reported above.

